[2026-09-30 06:16:52] production.ERROR: The C:\Users\Admin\OneDrive\Desktop\EcommerceSite\laravel-backend\bootstrap\cache directory must be present and writable. {"exception":"[object] (Exception(code: 0): The C:\\Users\\Admin\\OneDrive\\Desktop\\EcommerceSite\\laravel-backend\\bootstrap\\cache directory must be present and writable. at C:/Users/Admin/OneDrive/Desktop/EcommerceSite/laravel-backend/vendor/laravel/framework/src/Illuminate/Foundation/PackageManifest.php:179)
[stacktrace]
#0 C:/Users/Admin/OneDrive/Desktop/EcommerceSite/laravel-backend/vendor/laravel/framework/src/Illuminate/Foundation/PackageManifest.php(132): Illuminate/Foundation/PackageManifest->write(Array)
#1 C:/Users/Admin/OneDrive/Desktop/EcommerceSite/laravel-backend/vendor/laravel/framework/src/Illuminate/Foundation/PackageManifest.php(108): Illuminate/Foundation/PackageManifest->build()
#2 C:/Users/Admin/OneDrive/Desktop/EcommerceSite/laravel-backend/vendor/laravel/framework/src/Illuminate/Foundation/PackageManifest.php(90): Illuminate/Foundation/PackageManifest->getManifest()
#3 C:/Users/Admin/OneDrive/Desktop/EcommerceSite/laravel-backend/vendor/laravel/framework/src/Illuminate/Foundation/PackageManifest.php(79): Illuminate/Foundation/PackageManifest->config('aliases')
#4 C:/Users/Admin/OneDrive/Desktop/EcommerceSite/laravel-backend/vendor/laravel/framework/src/Illuminate/Foundation/Bootstrap/RegisterFacades.php(26): Illuminate/Foundation/PackageManifest->aliases()
#5 C:/Users/Admin/OneDrive/Desktop/EcommerceSite/laravel-backend/vendor/laravel/framework/src/Illuminate/Foundation/Application.php(342): Illuminate/Foundation/Bootstrap/RegisterFacades->bootstrap(Object(Illuminate/Foundation/Application))
#6 C:/Users/Admin/OneDrive/Desktop/EcommerceSite/laravel-backend/vendor/laravel/framework/src/Illuminate/Foundation/Console/Kernel.php(494): Illuminate/Foundation/Application->bootstrapWith(Array)
#7 C:/Users/Admin/OneDrive/Desktop/EcommerceSite/laravel-backend/vendor/laravel/framework/src/Illuminate/Foundation/Console/Kernel.php(196): Illuminate/Foundation/Console/Kernel->bootstrap()
#8 C:/Users/Admin/OneDrive/Desktop/EcommerceSite/laravel-backend/vendor/laravel/framework/src/Illuminate/Foundation/Application.php(1235): Illuminate/Foundation/Console/Kernel->handle(Object(Symfony/Component/Console/Input/ArgvInput), Object(Symfony/Component/Console/Output/ConsoleOutput))
#9 C:/Users/Admin/OneDrive/Desktop/EcommerceSite/laravel-backend/artisan(14): Illuminate/Foundation/Application->handleCommand(Object(Symfony/Component/Console/Input/ArgvInput))
#10 {main}
"} 
[2026-09-30 06:33:52] local.ERROR: The C:\Users\Admin\OneDrive\Desktop\EcommerceSite\laravel-backend\bootstrap\cache directory must be present and writable. {"exception":"[object] (Exception(code: 0): The C:\\Users\\Admin\\OneDrive\\Desktop\\EcommerceSite\\laravel-backend\\bootstrap\\cache directory must be present and writable. at C:/Users/Admin/OneDrive/Desktop/EcommerceSite/laravel-backend/vendor/laravel/framework/src/Illuminate/Foundation/PackageManifest.php:179)
[stacktrace]
#0 C:/Users/Admin/OneDrive/Desktop/EcommerceSite/laravel-backend/vendor/laravel/framework/src/Illuminate/Foundation/PackageManifest.php(132): Illuminate/Foundation/PackageManifest->write(Array)
#1 C:/Users/Admin/OneDrive/Desktop/EcommerceSite/laravel-backend/vendor/laravel/framework/src/Illuminate/Foundation/PackageManifest.php(108): Illuminate/Foundation/PackageManifest->build()
#2 C:/Users/Admin/OneDrive/Desktop/EcommerceSite/laravel-backend/vendor/laravel/framework/src/Illuminate/Foundation/PackageManifest.php(90): Illuminate/Foundation/PackageManifest->getManifest()
#3 C:/Users/Admin/OneDrive/Desktop/EcommerceSite/laravel-backend/vendor/laravel/framework/src/Illuminate/Foundation/PackageManifest.php(79): Illuminate/Foundation/PackageManifest->config('aliases')
#4 C:/Users/Admin/OneDrive/Desktop/EcommerceSite/laravel-backend/vendor/laravel/framework/src/Illuminate/Foundation/Bootstrap/RegisterFacades.php(26): Illuminate/Foundation/PackageManifest->aliases()
#5 C:/Users/Admin/OneDrive/Desktop/EcommerceSite/laravel-backend/vendor/laravel/framework/src/Illuminate/Foundation/Application.php(342): Illuminate/Foundation/Bootstrap/RegisterFacades->bootstrap(Object(Illuminate/Foundation/Application))
#6 C:/Users/Admin/OneDrive/Desktop/EcommerceSite/laravel-backend/vendor/laravel/framework/src/Illuminate/Foundation/Console/Kernel.php(494): Illuminate/Foundation/Application->bootstrapWith(Array)
#7 C:/Users/Admin/OneDrive/Desktop/EcommerceSite/laravel-backend/vendor/laravel/framework/src/Illuminate/Foundation/Console/Kernel.php(196): Illuminate/Foundation/Console/Kernel->bootstrap()
#8 C:/Users/Admin/OneDrive/Desktop/EcommerceSite/laravel-backend/vendor/laravel/framework/src/Illuminate/Foundation/Application.php(1235): Illuminate/Foundation/Console/Kernel->handle(Object(Symfony/Component/Console/Input/ArgvInput), Object(Symfony/Component/Console/Output/ConsoleOutput))
#9 C:/Users/Admin/OneDrive/Desktop/EcommerceSite/laravel-backend/artisan(14): Illuminate/Foundation/Application->handleCommand(Object(Symfony/Component/Console/Input/ArgvInput))
#10 {main}
"} 
[2026-10-01 00:51:08] local.ERROR: tempnam(): file created in the system's temporary directory {"exception":"[object] (ErrorException(code: 0): tempnam(): file created in the system's temporary directory at C:/Users/Admin/OneDrive/Desktop/EcommerceSite/laravel-backend/vendor/laravel/framework/src/Illuminate/Filesystem/Filesystem.php:222)
[stacktrace]
#0 C:/Users/Admin/OneDrive/Desktop/EcommerceSite/laravel-backend/vendor/laravel/framework/src/Illuminate/Foundation/Bootstrap/HandleExceptions.php(262): Illuminate/Foundation/Bootstrap/HandleExceptions->handleError(8, 'tempnam(): file...', 'C://Users//Admin//...', 222)
#1 [internal function]: Illuminate/Foundation/Bootstrap/HandleExceptions->{closure:Illuminate/Foundation/Bootstrap/HandleExceptions::forwardsTo():261}(8, 'tempnam(): file...', 'C://Users//Admin//...', 222)
#2 C:/Users/Admin/OneDrive/Desktop/EcommerceSite/laravel-backend/vendor/laravel/framework/src/Illuminate/Filesystem/Filesystem.php(222): tempnam('C://Users//Admin//...', 'packages.php')
#3 C:/Users/Admin/OneDrive/Desktop/EcommerceSite/laravel-backend/vendor/laravel/framework/src/Illuminate/Foundation/PackageManifest.php(182): Illuminate/Filesystem/Filesystem->replace('C://Users//Admin//...', '<?php return ar...')
#4 C:/Users/Admin/OneDrive/Desktop/EcommerceSite/laravel-backend/vendor/laravel/framework/src/Illuminate/Foundation/PackageManifest.php(132): Illuminate/Foundation/PackageManifest->write(Array)
#5 C:/Users/Admin/OneDrive/Desktop/EcommerceSite/laravel-backend/vendor/laravel/framework/src/Illuminate/Foundation/PackageManifest.php(108): Illuminate/Foundation/PackageManifest->build()
#6 C:/Users/Admin/OneDrive/Desktop/EcommerceSite/laravel-backend/vendor/laravel/framework/src/Illuminate/Foundation/PackageManifest.php(90): Illuminate/Foundation/PackageManifest->getManifest()
#7 C:/Users/Admin/OneDrive/Desktop/EcommerceSite/laravel-backend/vendor/laravel/framework/src/Illuminate/Foundation/PackageManifest.php(79): Illuminate/Foundation/PackageManifest->config('aliases')
#8 C:/Users/Admin/OneDrive/Desktop/EcommerceSite/laravel-backend/vendor/laravel/framework/src/Illuminate/Foundation/Bootstrap/RegisterFacades.php(26): Illuminate/Foundation/PackageManifest->aliases()
#9 C:/Users/Admin/OneDrive/Desktop/EcommerceSite/laravel-backend/vendor/laravel/framework/src/Illuminate/Foundation/Application.php(342): Illuminate/Foundation/Bootstrap/RegisterFacades->bootstrap(Object(Illuminate/Foundation/Application))
#10 C:/Users/Admin/OneDrive/Desktop/EcommerceSite/laravel-backend/vendor/laravel/framework/src/Illuminate/Foundation/Console/Kernel.php(494): Illuminate/Foundation/Application->bootstrapWith(Array)
#11 C:/Users/Admin/OneDrive/Desktop/EcommerceSite/laravel-backend/vendor/laravel/framework/src/Illuminate/Foundation/Console/Kernel.php(196): Illuminate/Foundation/Console/Kernel->bootstrap()
#12 C:/Users/Admin/OneDrive/Desktop/EcommerceSite/laravel-backend/vendor/laravel/framework/src/Illuminate/Foundation/Application.php(1235): Illuminate/Foundation/Console/Kernel->handle(Object(Symfony/Component/Console/Input/ArgvInput), Object(Symfony/Component/Console/Output/ConsoleOutput))
#13 C:/Users/Admin/OneDrive/Desktop/EcommerceSite/laravel-backend/artisan(14): Illuminate/Foundation/Application->handleCommand(Object(Symfony/Component/Console/Input/ArgvInput))
#14 {main}
"} 
[2026-10-01 00:53:37] local.ERROR: tempnam(): file created in the system's temporary directory {"exception":"[object] (ErrorException(code: 0): tempnam(): file created in the system's temporary directory at C:/Users/Admin/OneDrive/Desktop/EcommerceSite/laravel-backend/vendor/laravel/framework/src/Illuminate/Filesystem/Filesystem.php:222)
[stacktrace]
#0 C:/Users/Admin/OneDrive/Desktop/EcommerceSite/laravel-backend/vendor/laravel/framework/src/Illuminate/Foundation/Bootstrap/HandleExceptions.php(262): Illuminate/Foundation/Bootstrap/HandleExceptions->handleError(8, 'tempnam(): file...', 'C://Users//Admin//...', 222)
#1 [internal function]: Illuminate/Foundation/Bootstrap/HandleExceptions->{closure:Illuminate/Foundation/Bootstrap/HandleExceptions::forwardsTo():261}(8, 'tempnam(): file...', 'C://Users//Admin//...', 222)
#2 C:/Users/Admin/OneDrive/Desktop/EcommerceSite/laravel-backend/vendor/laravel/framework/src/Illuminate/Filesystem/Filesystem.php(222): tempnam('C://Users//Admin//...', 'packages.php')
#3 C:/Users/Admin/OneDrive/Desktop/EcommerceSite/laravel-backend/vendor/laravel/framework/src/Illuminate/Foundation/PackageManifest.php(182): Illuminate/Filesystem/Filesystem->replace('C://Users//Admin//...', '<?php return ar...')
#4 C:/Users/Admin/OneDrive/Desktop/EcommerceSite/laravel-backend/vendor/laravel/framework/src/Illuminate/Foundation/PackageManifest.php(132): Illuminate/Foundation/PackageManifest->write(Array)
#5 C:/Users/Admin/OneDrive/Desktop/EcommerceSite/laravel-backend/vendor/laravel/framework/src/Illuminate/Foundation/PackageManifest.php(108): Illuminate/Foundation/PackageManifest->build()
#6 C:/Users/Admin/OneDrive/Desktop/EcommerceSite/laravel-backend/vendor/laravel/framework/src/Illuminate/Foundation/PackageManifest.php(90): Illuminate/Foundation/PackageManifest->getManifest()
#7 C:/Users/Admin/OneDrive/Desktop/EcommerceSite/laravel-backend/vendor/laravel/framework/src/Illuminate/Foundation/PackageManifest.php(79): Illuminate/Foundation/PackageManifest->config('aliases')
#8 C:/Users/Admin/OneDrive/Desktop/EcommerceSite/laravel-backend/vendor/laravel/framework/src/Illuminate/Foundation/Bootstrap/RegisterFacades.php(26): Illuminate/Foundation/PackageManifest->aliases()
#9 C:/Users/Admin/OneDrive/Desktop/EcommerceSite/laravel-backend/vendor/laravel/framework/src/Illuminate/Foundation/Application.php(342): Illuminate/Foundation/Bootstrap/RegisterFacades->bootstrap(Object(Illuminate/Foundation/Application))
#10 C:/Users/Admin/OneDrive/Desktop/EcommerceSite/laravel-backend/vendor/laravel/framework/src/Illuminate/Foundation/Console/Kernel.php(494): Illuminate/Foundation/Application->bootstrapWith(Array)
#11 C:/Users/Admin/OneDrive/Desktop/EcommerceSite/laravel-backend/vendor/laravel/framework/src/Illuminate/Foundation/Console/Kernel.php(196): Illuminate/Foundation/Console/Kernel->bootstrap()
#12 C:/Users/Admin/OneDrive/Desktop/EcommerceSite/laravel-backend/vendor/laravel/framework/src/Illuminate/Foundation/Application.php(1235): Illuminate/Foundation/Console/Kernel->handle(Object(Symfony/Component/Console/Input/ArgvInput), Object(Symfony/Component/Console/Output/ConsoleOutput))
#13 C:/Users/Admin/OneDrive/Desktop/EcommerceSite/laravel-backend/artisan(14): Illuminate/Foundation/Application->handleCommand(Object(Symfony/Component/Console/Input/ArgvInput))
#14 {main}
"} 
[2026-10-01 00:53:56] local.ERROR: tempnam(): file created in the system's temporary directory {"exception":"[object] (ErrorException(code: 0): tempnam(): file created in the system's temporary directory at C:/Users/Admin/OneDrive/Desktop/EcommerceSite/laravel-backend/vendor/laravel/framework/src/Illuminate/Filesystem/Filesystem.php:222)
[stacktrace]
#0 C:/Users/Admin/OneDrive/Desktop/EcommerceSite/laravel-backend/vendor/laravel/framework/src/Illuminate/Foundation/Bootstrap/HandleExceptions.php(262): Illuminate/Foundation/Bootstrap/HandleExceptions->handleError(8, 'tempnam(): file...', 'C://Users//Admin//...', 222)
#1 [internal function]: Illuminate/Foundation/Bootstrap/HandleExceptions->{closure:Illuminate/Foundation/Bootstrap/HandleExceptions::forwardsTo():261}(8, 'tempnam(): file...', 'C://Users//Admin//...', 222)
#2 C:/Users/Admin/OneDrive/Desktop/EcommerceSite/laravel-backend/vendor/laravel/framework/src/Illuminate/Filesystem/Filesystem.php(222): tempnam('C://Users//Admin//...', 'packages.php')
#3 C:/Users/Admin/OneDrive/Desktop/EcommerceSite/laravel-backend/vendor/laravel/framework/src/Illuminate/Foundation/PackageManifest.php(182): Illuminate/Filesystem/Filesystem->replace('C://Users//Admin//...', '<?php return ar...')
#4 C:/Users/Admin/OneDrive/Desktop/EcommerceSite/laravel-backend/vendor/laravel/framework/src/Illuminate/Foundation/PackageManifest.php(132): Illuminate/Foundation/PackageManifest->write(Array)
#5 C:/Users/Admin/OneDrive/Desktop/EcommerceSite/laravel-backend/vendor/laravel/framework/src/Illuminate/Foundation/PackageManifest.php(108): Illuminate/Foundation/PackageManifest->build()
#6 C:/Users/Admin/OneDrive/Desktop/EcommerceSite/laravel-backend/vendor/laravel/framework/src/Illuminate/Foundation/PackageManifest.php(90): Illuminate/Foundation/PackageManifest->getManifest()
#7 C:/Users/Admin/OneDrive/Desktop/EcommerceSite/laravel-backend/vendor/laravel/framework/src/Illuminate/Foundation/PackageManifest.php(79): Illuminate/Foundation/PackageManifest->config('aliases')
#8 C:/Users/Admin/OneDrive/Desktop/EcommerceSite/laravel-backend/vendor/laravel/framework/src/Illuminate/Foundation/Bootstrap/RegisterFacades.php(26): Illuminate/Foundation/PackageManifest->aliases()
#9 C:/Users/Admin/OneDrive/Desktop/EcommerceSite/laravel-backend/vendor/laravel/framework/src/Illuminate/Foundation/Application.php(342): Illuminate/Foundation/Bootstrap/RegisterFacades->bootstrap(Object(Illuminate/Foundation/Application))
#10 C:/Users/Admin/OneDrive/Desktop/EcommerceSite/laravel-backend/vendor/laravel/framework/src/Illuminate/Foundation/Console/Kernel.php(494): Illuminate/Foundation/Application->bootstrapWith(Array)
#11 C:/Users/Admin/OneDrive/Desktop/EcommerceSite/laravel-backend/vendor/laravel/framework/src/Illuminate/Foundation/Console/Kernel.php(196): Illuminate/Foundation/Console/Kernel->bootstrap()
#12 C:/Users/Admin/OneDrive/Desktop/EcommerceSite/laravel-backend/vendor/laravel/framework/src/Illuminate/Foundation/Application.php(1235): Illuminate/Foundation/Console/Kernel->handle(Object(Symfony/Component/Console/Input/ArgvInput), Object(Symfony/Component/Console/Output/ConsoleOutput))
#13 C:/Users/Admin/OneDrive/Desktop/EcommerceSite/laravel-backend/artisan(14): Illuminate/Foundation/Application->handleCommand(Object(Symfony/Component/Console/Input/ArgvInput))
#14 {main}
"} 
[2026-10-01 00:57:50] local.ERROR: tempnam(): file created in the system's temporary directory {"exception":"[object] (ErrorException(code: 0): tempnam(): file created in the system's temporary directory at C:/Users/Admin/OneDrive/Desktop/EcommerceSite/laravel-backend/vendor/laravel/framework/src/Illuminate/Filesystem/Filesystem.php:222)
[stacktrace]
#0 C:/Users/Admin/OneDrive/Desktop/EcommerceSite/laravel-backend/vendor/laravel/framework/src/Illuminate/Foundation/Bootstrap/HandleExceptions.php(262): Illuminate/Foundation/Bootstrap/HandleExceptions->handleError(8, 'tempnam(): file...', 'C://Users//Admin//...', 222)
#1 [internal function]: Illuminate/Foundation/Bootstrap/HandleExceptions->{closure:Illuminate/Foundation/Bootstrap/HandleExceptions::forwardsTo():261}(8, 'tempnam(): file...', 'C://Users//Admin//...', 222)
#2 C:/Users/Admin/OneDrive/Desktop/EcommerceSite/laravel-backend/vendor/laravel/framework/src/Illuminate/Filesystem/Filesystem.php(222): tempnam('C://Users//Admin//...', 'packages.php')
#3 C:/Users/Admin/OneDrive/Desktop/EcommerceSite/laravel-backend/vendor/laravel/framework/src/Illuminate/Foundation/PackageManifest.php(182): Illuminate/Filesystem/Filesystem->replace('C://Users//Admin//...', '<?php return ar...')
#4 C:/Users/Admin/OneDrive/Desktop/EcommerceSite/laravel-backend/vendor/laravel/framework/src/Illuminate/Foundation/PackageManifest.php(132): Illuminate/Foundation/PackageManifest->write(Array)
#5 C:/Users/Admin/OneDrive/Desktop/EcommerceSite/laravel-backend/vendor/laravel/framework/src/Illuminate/Foundation/PackageManifest.php(108): Illuminate/Foundation/PackageManifest->build()
#6 C:/Users/Admin/OneDrive/Desktop/EcommerceSite/laravel-backend/vendor/laravel/framework/src/Illuminate/Foundation/PackageManifest.php(90): Illuminate/Foundation/PackageManifest->getManifest()
#7 C:/Users/Admin/OneDrive/Desktop/EcommerceSite/laravel-backend/vendor/laravel/framework/src/Illuminate/Foundation/PackageManifest.php(79): Illuminate/Foundation/PackageManifest->config('aliases')
#8 C:/Users/Admin/OneDrive/Desktop/EcommerceSite/laravel-backend/vendor/laravel/framework/src/Illuminate/Foundation/Bootstrap/RegisterFacades.php(26): Illuminate/Foundation/PackageManifest->aliases()
#9 C:/Users/Admin/OneDrive/Desktop/EcommerceSite/laravel-backend/vendor/laravel/framework/src/Illuminate/Foundation/Application.php(342): Illuminate/Foundation/Bootstrap/RegisterFacades->bootstrap(Object(Illuminate/Foundation/Application))
#10 C:/Users/Admin/OneDrive/Desktop/EcommerceSite/laravel-backend/vendor/laravel/framework/src/Illuminate/Foundation/Console/Kernel.php(494): Illuminate/Foundation/Application->bootstrapWith(Array)
#11 C:/Users/Admin/OneDrive/Desktop/EcommerceSite/laravel-backend/vendor/laravel/framework/src/Illuminate/Foundation/Console/Kernel.php(196): Illuminate/Foundation/Console/Kernel->bootstrap()
#12 C:/Users/Admin/OneDrive/Desktop/EcommerceSite/laravel-backend/vendor/laravel/framework/src/Illuminate/Foundation/Application.php(1235): Illuminate/Foundation/Console/Kernel->handle(Object(Symfony/Component/Console/Input/ArgvInput), Object(Symfony/Component/Console/Output/ConsoleOutput))
#13 C:/Users/Admin/OneDrive/Desktop/EcommerceSite/laravel-backend/artisan(14): Illuminate/Foundation/Application->handleCommand(Object(Symfony/Component/Console/Input/ArgvInput))
#14 {main}
"} 
[2026-10-01 01:11:30] local.ERROR: tempnam(): file created in the system's temporary directory {"exception":"[object] (ErrorException(code: 0): tempnam(): file created in the system's temporary directory at C:/Users/Admin/OneDrive/Desktop/EcommerceSite/laravel-backend/vendor/laravel/framework/src/Illuminate/Filesystem/Filesystem.php:222)
[stacktrace]
#0 C:/Users/Admin/OneDrive/Desktop/EcommerceSite/laravel-backend/vendor/laravel/framework/src/Illuminate/Foundation/Bootstrap/HandleExceptions.php(262): Illuminate/Foundation/Bootstrap/HandleExceptions->handleError(8, 'tempnam(): file...', 'C://Users//Admin//...', 222)
#1 [internal function]: Illuminate/Foundation/Bootstrap/HandleExceptions->{closure:Illuminate/Foundation/Bootstrap/HandleExceptions::forwardsTo():261}(8, 'tempnam(): file...', 'C://Users//Admin//...', 222)
#2 C:/Users/Admin/OneDrive/Desktop/EcommerceSite/laravel-backend/vendor/laravel/framework/src/Illuminate/Filesystem/Filesystem.php(222): tempnam('C://Users//Admin//...', 'packages.php')
#3 C:/Users/Admin/OneDrive/Desktop/EcommerceSite/laravel-backend/vendor/laravel/framework/src/Illuminate/Foundation/PackageManifest.php(182): Illuminate/Filesystem/Filesystem->replace('C://Users//Admin//...', '<?php return ar...')
#4 C:/Users/Admin/OneDrive/Desktop/EcommerceSite/laravel-backend/vendor/laravel/framework/src/Illuminate/Foundation/PackageManifest.php(132): Illuminate/Foundation/PackageManifest->write(Array)
#5 C:/Users/Admin/OneDrive/Desktop/EcommerceSite/laravel-backend/vendor/laravel/framework/src/Illuminate/Foundation/PackageManifest.php(108): Illuminate/Foundation/PackageManifest->build()
#6 C:/Users/Admin/OneDrive/Desktop/EcommerceSite/laravel-backend/vendor/laravel/framework/src/Illuminate/Foundation/PackageManifest.php(90): Illuminate/Foundation/PackageManifest->getManifest()
#7 C:/Users/Admin/OneDrive/Desktop/EcommerceSite/laravel-backend/vendor/laravel/framework/src/Illuminate/Foundation/PackageManifest.php(79): Illuminate/Foundation/PackageManifest->config('aliases')
#8 C:/Users/Admin/OneDrive/Desktop/EcommerceSite/laravel-backend/vendor/laravel/framework/src/Illuminate/Foundation/Bootstrap/RegisterFacades.php(26): Illuminate/Foundation/PackageManifest->aliases()
#9 C:/Users/Admin/OneDrive/Desktop/EcommerceSite/laravel-backend/vendor/laravel/framework/src/Illuminate/Foundation/Application.php(342): Illuminate/Foundation/Bootstrap/RegisterFacades->bootstrap(Object(Illuminate/Foundation/Application))
#10 C:/Users/Admin/OneDrive/Desktop/EcommerceSite/laravel-backend/vendor/laravel/framework/src/Illuminate/Foundation/Console/Kernel.php(494): Illuminate/Foundation/Application->bootstrapWith(Array)
#11 C:/Users/Admin/OneDrive/Desktop/EcommerceSite/laravel-backend/vendor/laravel/framework/src/Illuminate/Foundation/Console/Kernel.php(196): Illuminate/Foundation/Console/Kernel->bootstrap()
#12 C:/Users/Admin/OneDrive/Desktop/EcommerceSite/laravel-backend/vendor/laravel/framework/src/Illuminate/Foundation/Application.php(1235): Illuminate/Foundation/Console/Kernel->handle(Object(Symfony/Component/Console/Input/ArgvInput), Object(Symfony/Component/Console/Output/ConsoleOutput))
#13 C:/Users/Admin/OneDrive/Desktop/EcommerceSite/laravel-backend/artisan(14): Illuminate/Foundation/Application->handleCommand(Object(Symfony/Component/Console/Input/ArgvInput))
#14 {main}
"} 
[2026-10-01 01:20:36] local.ERROR: The C:\Users\Admin\OneDrive\Desktop\EcommerceSite\laravel-backend\bootstrap\cache directory must be present and writable. {"exception":"[object] (Exception(code: 0): The C:\\Users\\Admin\\OneDrive\\Desktop\\EcommerceSite\\laravel-backend\\bootstrap\\cache directory must be present and writable. at C:/Users/Admin/OneDrive/Desktop/EcommerceSite/laravel-backend/vendor/laravel/framework/src/Illuminate/Foundation/PackageManifest.php:179)
[stacktrace]
#0 C:/Users/Admin/OneDrive/Desktop/EcommerceSite/laravel-backend/vendor/laravel/framework/src/Illuminate/Foundation/PackageManifest.php(132): Illuminate/Foundation/PackageManifest->write(Array)
#1 C:/Users/Admin/OneDrive/Desktop/EcommerceSite/laravel-backend/vendor/laravel/framework/src/Illuminate/Foundation/PackageManifest.php(108): Illuminate/Foundation/PackageManifest->build()
#2 C:/Users/Admin/OneDrive/Desktop/EcommerceSite/laravel-backend/vendor/laravel/framework/src/Illuminate/Foundation/PackageManifest.php(90): Illuminate/Foundation/PackageManifest->getManifest()
#3 C:/Users/Admin/OneDrive/Desktop/EcommerceSite/laravel-backend/vendor/laravel/framework/src/Illuminate/Foundation/PackageManifest.php(79): Illuminate/Foundation/PackageManifest->config('aliases')
#4 C:/Users/Admin/OneDrive/Desktop/EcommerceSite/laravel-backend/vendor/laravel/framework/src/Illuminate/Foundation/Bootstrap/RegisterFacades.php(26): Illuminate/Foundation/PackageManifest->aliases()
#5 C:/Users/Admin/OneDrive/Desktop/EcommerceSite/laravel-backend/vendor/laravel/framework/src/Illuminate/Foundation/Application.php(342): Illuminate/Foundation/Bootstrap/RegisterFacades->bootstrap(Object(Illuminate/Foundation/Application))
#6 C:/Users/Admin/OneDrive/Desktop/EcommerceSite/laravel-backend/vendor/laravel/framework/src/Illuminate/Foundation/Console/Kernel.php(494): Illuminate/Foundation/Application->bootstrapWith(Array)
#7 C:/Users/Admin/OneDrive/Desktop/EcommerceSite/laravel-backend/vendor/laravel/framework/src/Illuminate/Foundation/Console/Kernel.php(196): Illuminate/Foundation/Console/Kernel->bootstrap()
#8 C:/Users/Admin/OneDrive/Desktop/EcommerceSite/laravel-backend/vendor/laravel/framework/src/Illuminate/Foundation/Application.php(1235): Illuminate/Foundation/Console/Kernel->handle(Object(Symfony/Component/Console/Input/ArgvInput), Object(Symfony/Component/Console/Output/ConsoleOutput))
#9 C:/Users/Admin/OneDrive/Desktop/EcommerceSite/laravel-backend/artisan(14): Illuminate/Foundation/Application->handleCommand(Object(Symfony/Component/Console/Input/ArgvInput))
#10 {main}
"} 
[2026-10-01 01:58:25] local.ERROR: SQLSTATE[42S21]: Column already exists: 1060 Duplicate column name 'reserved_stock' (Connection: mysql, Host: 127.0.0.1, Port: 3306, Database: ecommerce, SQL: alter table `products` add `reserved_stock` int unsigned not null default '0' after `stock`) {"exception":"[object] (Illuminate\\Database\\QueryException(code: 42S21): SQLSTATE[42S21]: Column already exists: 1060 Duplicate column name 'reserved_stock' (Connection: mysql, Host: 127.0.0.1, Port: 3306, Database: ecommerce, SQL: alter table `products` add `reserved_stock` int unsigned not null default '0' after `stock`) at C:/xampp/htdocs/EcommerceSite/laravel-backend/vendor/laravel/framework/src/Illuminate/Database/Connection.php:838)
[stacktrace]
#0 C:/xampp/htdocs/EcommerceSite/laravel-backend/vendor/laravel/framework/src/Illuminate/Database/Connection.php(794): Illuminate/Database/Connection->runQueryCallback('alter table `pr...', Array, Object(Closure))
#1 C:/xampp/htdocs/EcommerceSite/laravel-backend/vendor/laravel/framework/src/Illuminate/Database/Connection.php(573): Illuminate/Database/Connection->run('alter table `pr...', Array, Object(Closure))
#2 C:/xampp/htdocs/EcommerceSite/laravel-backend/vendor/laravel/framework/src/Illuminate/Database/Schema/Blueprint.php(121): Illuminate/Database/Connection->statement('alter table `pr...')
#3 C:/xampp/htdocs/EcommerceSite/laravel-backend/vendor/laravel/framework/src/Illuminate/Database/Schema/Builder.php(686): Illuminate/Database/Schema/Blueprint->build()
#4 C:/xampp/htdocs/EcommerceSite/laravel-backend/vendor/laravel/framework/src/Illuminate/Database/Schema/Builder.php(494): Illuminate/Database/Schema/Builder->build(Object(Illuminate/Database/Schema/Blueprint))
#5 C:/xampp/htdocs/EcommerceSite/laravel-backend/vendor/laravel/framework/src/Illuminate/Support/Facades/Facade.php(363): Illuminate/Database/Schema/Builder->table('products', Object(Closure))
#6 C:/xampp/htdocs/EcommerceSite/laravel-backend/database/migrations/2026_11_01_000000_add_inventory_fields_to_products_table.php(11): Illuminate/Support/Facades/Facade::__callStatic('table', Array)
#7 C:/xampp/htdocs/EcommerceSite/laravel-backend/vendor/laravel/framework/src/Illuminate/Database/Migrations/Migrator.php(517): Illuminate/Database/Migrations/Migration@anonymous->up()
#8 C:/xampp/htdocs/EcommerceSite/laravel-backend/vendor/laravel/framework/src/Illuminate/Database/Migrations/Migrator.php(442): Illuminate/Database/Migrations/Migrator->runMethod(Object(Illuminate/Database/MySqlConnection), Object(Illuminate/Database/Migrations/Migration@anonymous), 'up')
#9 C:/xampp/htdocs/EcommerceSite/laravel-backend/vendor/laravel/framework/src/Illuminate/Database/Migrations/Migrator.php(451): Illuminate/Database/Migrations/Migrator->{closure:Illuminate/Database/Migrations/Migrator::runMigration():438}()
#10 C:/xampp/htdocs/EcommerceSite/laravel-backend/vendor/laravel/framework/src/Illuminate/Database/Migrations/Migrator.php(253): Illuminate/Database/Migrations/Migrator->runMigration(Object(Illuminate/Database/Migrations/Migration@anonymous), 'up')
#11 C:/xampp/htdocs/EcommerceSite/laravel-backend/vendor/laravel/framework/src/Illuminate/Console/View/Components/Task.php(41): Illuminate/Database/Migrations/Migrator->{closure:Illuminate/Database/Migrations/Migrator::runUp():253}()
#12 C:/xampp/htdocs/EcommerceSite/laravel-backend/vendor/laravel/framework/src/Illuminate/Database/Migrations/Migrator.php(814): Illuminate/Console/View/Components/Task->render('2026_11_01_0000...', Object(Closure))
#13 C:/xampp/htdocs/EcommerceSite/laravel-backend/vendor/laravel/framework/src/Illuminate/Database/Migrations/Migrator.php(253): Illuminate/Database/Migrations/Migrator->write('Illuminate//Cons...', '2026_11_01_0000...', Object(Closure))
#14 C:/xampp/htdocs/EcommerceSite/laravel-backend/vendor/laravel/framework/src/Illuminate/Database/Migrations/Migrator.php(211): Illuminate/Database/Migrations/Migrator->runUp('C://xampp//htdocs...', 1, false)
#15 C:/xampp/htdocs/EcommerceSite/laravel-backend/vendor/laravel/framework/src/Illuminate/Database/Migrations/Migrator.php(138): Illuminate/Database/Migrations/Migrator->runPending(Array, Array)
#16 C:/xampp/htdocs/EcommerceSite/laravel-backend/vendor/laravel/framework/src/Illuminate/Database/Console/Migrations/MigrateCommand.php(116): Illuminate/Database/Migrations/Migrator->run(Array, Array)
#17 C:/xampp/htdocs/EcommerceSite/laravel-backend/vendor/laravel/framework/src/Illuminate/Database/Migrations/Migrator.php(671): Illuminate/Database/Console/Migrations/MigrateCommand->{closure:Illuminate/Database/Console/Migrations/MigrateCommand::runMigrations():109}()
#18 C:/xampp/htdocs/EcommerceSite/laravel-backend/vendor/laravel/framework/src/Illuminate/Database/Console/Migrations/MigrateCommand.php(109): Illuminate/Database/Migrations/Migrator->usingConnection(NULL, Object(Closure))
#19 C:/xampp/htdocs/EcommerceSite/laravel-backend/vendor/laravel/framework/src/Illuminate/Database/Console/Migrations/MigrateCommand.php(88): Illuminate/Database/Console/Migrations/MigrateCommand->runMigrations()
#20 C:/xampp/htdocs/EcommerceSite/laravel-backend/vendor/laravel/framework/src/Illuminate/Container/BoundMethod.php(36): Illuminate/Database/Console/Migrations/MigrateCommand->handle()
#21 C:/xampp/htdocs/EcommerceSite/laravel-backend/vendor/laravel/framework/src/Illuminate/Container/Util.php(43): Illuminate/Container/BoundMethod::{closure:Illuminate/Container/BoundMethod::call():35}()
#22 C:/xampp/htdocs/EcommerceSite/laravel-backend/vendor/laravel/framework/src/Illuminate/Container/BoundMethod.php(96): Illuminate/Container/Util::unwrapIfClosure(Object(Closure))
#23 C:/xampp/htdocs/EcommerceSite/laravel-backend/vendor/laravel/framework/src/Illuminate/Container/BoundMethod.php(35): Illuminate/Container/BoundMethod::callBoundMethod(Object(Illuminate/Foundation/Application), Array, Object(Closure))
#24 C:/xampp/htdocs/EcommerceSite/laravel-backend/vendor/laravel/framework/src/Illuminate/Container/Container.php(799): Illuminate/Container/BoundMethod::call(Object(Illuminate/Foundation/Application), Array, Array, NULL)
#25 C:/xampp/htdocs/EcommerceSite/laravel-backend/vendor/laravel/framework/src/Illuminate/Console/Command.php(211): Illuminate/Container/Container->call(Array)
#26 C:/xampp/htdocs/EcommerceSite/laravel-backend/vendor/symfony/console/Command/Command.php(341): Illuminate/Console/Command->execute(Object(Symfony/Component/Console/Input/ArgvInput), Object(Illuminate/Console/OutputStyle))
#27 C:/xampp/htdocs/EcommerceSite/laravel-backend/vendor/laravel/framework/src/Illuminate/Console/Command.php(180): Symfony/Component/Console/Command/Command->run(Object(Symfony/Component/Console/Input/ArgvInput), Object(Illuminate/Console/OutputStyle))
#28 C:/xampp/htdocs/EcommerceSite/laravel-backend/vendor/symfony/console/Application.php(1117): Illuminate/Console/Command->run(Object(Symfony/Component/Console/Input/ArgvInput), Object(Symfony/Component/Console/Output/ConsoleOutput))
#29 C:/xampp/htdocs/EcommerceSite/laravel-backend/vendor/symfony/console/Application.php(356): Symfony/Component/Console/Application->doRunCommand(Object(Illuminate/Database/Console/Migrations/MigrateCommand), Object(Symfony/Component/Console/Input/ArgvInput), Object(Symfony/Component/Console/Output/ConsoleOutput))
#30 C:/xampp/htdocs/EcommerceSite/laravel-backend/vendor/symfony/console/Application.php(195): Symfony/Component/Console/Application->doRun(Object(Symfony/Component/Console/Input/ArgvInput), Object(Symfony/Component/Console/Output/ConsoleOutput))
#31 C:/xampp/htdocs/EcommerceSite/laravel-backend/vendor/laravel/framework/src/Illuminate/Foundation/Console/Kernel.php(198): Symfony/Component/Console/Application->run(Object(Symfony/Component/Console/Input/ArgvInput), Object(Symfony/Component/Console/Output/ConsoleOutput))
#32 C:/xampp/htdocs/EcommerceSite/laravel-backend/vendor/laravel/framework/src/Illuminate/Foundation/Application.php(1235): Illuminate/Foundation/Console/Kernel->handle(Object(Symfony/Component/Console/Input/ArgvInput), Object(Symfony/Component/Console/Output/ConsoleOutput))
#33 C:/xampp/htdocs/EcommerceSite/laravel-backend/artisan(14): Illuminate/Foundation/Application->handleCommand(Object(Symfony/Component/Console/Input/ArgvInput))
#34 {main}

[previous exception] [object] (PDOException(code: 42S21): SQLSTATE[42S21]: Column already exists: 1060 Duplicate column name 'reserved_stock' at C:/xampp/htdocs/EcommerceSite/laravel-backend/vendor/laravel/framework/src/Illuminate/Database/Connection.php:584)
[stacktrace]
#0 C:/xampp/htdocs/EcommerceSite/laravel-backend/vendor/laravel/framework/src/Illuminate/Database/Connection.php(584): PDOStatement->execute()
#1 C:/xampp/htdocs/EcommerceSite/laravel-backend/vendor/laravel/framework/src/Illuminate/Database/Connection.php(827): Illuminate/Database/Connection->{closure:Illuminate/Database/Connection::statement():573}('alter table `pr...', Array)
#2 C:/xampp/htdocs/EcommerceSite/laravel-backend/vendor/laravel/framework/src/Illuminate/Database/Connection.php(794): Illuminate/Database/Connection->runQueryCallback('alter table `pr...', Array, Object(Closure))
#3 C:/xampp/htdocs/EcommerceSite/laravel-backend/vendor/laravel/framework/src/Illuminate/Database/Connection.php(573): Illuminate/Database/Connection->run('alter table `pr...', Array, Object(Closure))
#4 C:/xampp/htdocs/EcommerceSite/laravel-backend/vendor/laravel/framework/src/Illuminate/Database/Schema/Blueprint.php(121): Illuminate/Database/Connection->statement('alter table `pr...')
#5 C:/xampp/htdocs/EcommerceSite/laravel-backend/vendor/laravel/framework/src/Illuminate/Database/Schema/Builder.php(686): Illuminate/Database/Schema/Blueprint->build()
#6 C:/xampp/htdocs/EcommerceSite/laravel-backend/vendor/laravel/framework/src/Illuminate/Database/Schema/Builder.php(494): Illuminate/Database/Schema/Builder->build(Object(Illuminate/Database/Schema/Blueprint))
#7 C:/xampp/htdocs/EcommerceSite/laravel-backend/vendor/laravel/framework/src/Illuminate/Support/Facades/Facade.php(363): Illuminate/Database/Schema/Builder->table('products', Object(Closure))
#8 C:/xampp/htdocs/EcommerceSite/laravel-backend/database/migrations/2026_11_01_000000_add_inventory_fields_to_products_table.php(11): Illuminate/Support/Facades/Facade::__callStatic('table', Array)
#9 C:/xampp/htdocs/EcommerceSite/laravel-backend/vendor/laravel/framework/src/Illuminate/Database/Migrations/Migrator.php(517): Illuminate/Database/Migrations/Migration@anonymous->up()
#10 C:/xampp/htdocs/EcommerceSite/laravel-backend/vendor/laravel/framework/src/Illuminate/Database/Migrations/Migrator.php(442): Illuminate/Database/Migrations/Migrator->runMethod(Object(Illuminate/Database/MySqlConnection), Object(Illuminate/Database/Migrations/Migration@anonymous), 'up')
#11 C:/xampp/htdocs/EcommerceSite/laravel-backend/vendor/laravel/framework/src/Illuminate/Database/Migrations/Migrator.php(451): Illuminate/Database/Migrations/Migrator->{closure:Illuminate/Database/Migrations/Migrator::runMigration():438}()
#12 C:/xampp/htdocs/EcommerceSite/laravel-backend/vendor/laravel/framework/src/Illuminate/Database/Migrations/Migrator.php(253): Illuminate/Database/Migrations/Migrator->runMigration(Object(Illuminate/Database/Migrations/Migration@anonymous), 'up')
#13 C:/xampp/htdocs/EcommerceSite/laravel-backend/vendor/laravel/framework/src/Illuminate/Console/View/Components/Task.php(41): Illuminate/Database/Migrations/Migrator->{closure:Illuminate/Database/Migrations/Migrator::runUp():253}()
#14 C:/xampp/htdocs/EcommerceSite/laravel-backend/vendor/laravel/framework/src/Illuminate/Database/Migrations/Migrator.php(814): Illuminate/Console/View/Components/Task->render('2026_11_01_0000...', Object(Closure))
#15 C:/xampp/htdocs/EcommerceSite/laravel-backend/vendor/laravel/framework/src/Illuminate/Database/Migrations/Migrator.php(253): Illuminate/Database/Migrations/Migrator->write('Illuminate//Cons...', '2026_11_01_0000...', Object(Closure))
#16 C:/xampp/htdocs/EcommerceSite/laravel-backend/vendor/laravel/framework/src/Illuminate/Database/Migrations/Migrator.php(211): Illuminate/Database/Migrations/Migrator->runUp('C://xampp//htdocs...', 1, false)
#17 C:/xampp/htdocs/EcommerceSite/laravel-backend/vendor/laravel/framework/src/Illuminate/Database/Migrations/Migrator.php(138): Illuminate/Database/Migrations/Migrator->runPending(Array, Array)
#18 C:/xampp/htdocs/EcommerceSite/laravel-backend/vendor/laravel/framework/src/Illuminate/Database/Console/Migrations/MigrateCommand.php(116): Illuminate/Database/Migrations/Migrator->run(Array, Array)
#19 C:/xampp/htdocs/EcommerceSite/laravel-backend/vendor/laravel/framework/src/Illuminate/Database/Migrations/Migrator.php(671): Illuminate/Database/Console/Migrations/MigrateCommand->{closure:Illuminate/Database/Console/Migrations/MigrateCommand::runMigrations():109}()
#20 C:/xampp/htdocs/EcommerceSite/laravel-backend/vendor/laravel/framework/src/Illuminate/Database/Console/Migrations/MigrateCommand.php(109): Illuminate/Database/Migrations/Migrator->usingConnection(NULL, Object(Closure))
#21 C:/xampp/htdocs/EcommerceSite/laravel-backend/vendor/laravel/framework/src/Illuminate/Database/Console/Migrations/MigrateCommand.php(88): Illuminate/Database/Console/Migrations/MigrateCommand->runMigrations()
#22 C:/xampp/htdocs/EcommerceSite/laravel-backend/vendor/laravel/framework/src/Illuminate/Container/BoundMethod.php(36): Illuminate/Database/Console/Migrations/MigrateCommand->handle()
#23 C:/xampp/htdocs/EcommerceSite/laravel-backend/vendor/laravel/framework/src/Illuminate/Container/Util.php(43): Illuminate/Container/BoundMethod::{closure:Illuminate/Container/BoundMethod::call():35}()
#24 C:/xampp/htdocs/EcommerceSite/laravel-backend/vendor/laravel/framework/src/Illuminate/Container/BoundMethod.php(96): Illuminate/Container/Util::unwrapIfClosure(Object(Closure))
#25 C:/xampp/htdocs/EcommerceSite/laravel-backend/vendor/laravel/framework/src/Illuminate/Container/BoundMethod.php(35): Illuminate/Container/BoundMethod::callBoundMethod(Object(Illuminate/Foundation/Application), Array, Object(Closure))
#26 C:/xampp/htdocs/EcommerceSite/laravel-backend/vendor/laravel/framework/src/Illuminate/Container/Container.php(799): Illuminate/Container/BoundMethod::call(Object(Illuminate/Foundation/Application), Array, Array, NULL)
#27 C:/xampp/htdocs/EcommerceSite/laravel-backend/vendor/laravel/framework/src/Illuminate/Console/Command.php(211): Illuminate/Container/Container->call(Array)
#28 C:/xampp/htdocs/EcommerceSite/laravel-backend/vendor/symfony/console/Command/Command.php(341): Illuminate/Console/Command->execute(Object(Symfony/Component/Console/Input/ArgvInput), Object(Illuminate/Console/OutputStyle))
#29 C:/xampp/htdocs/EcommerceSite/laravel-backend/vendor/laravel/framework/src/Illuminate/Console/Command.php(180): Symfony/Component/Console/Command/Command->run(Object(Symfony/Component/Console/Input/ArgvInput), Object(Illuminate/Console/OutputStyle))
#30 C:/xampp/htdocs/EcommerceSite/laravel-backend/vendor/symfony/console/Application.php(1117): Illuminate/Console/Command->run(Object(Symfony/Component/Console/Input/ArgvInput), Object(Symfony/Component/Console/Output/ConsoleOutput))
#31 C:/xampp/htdocs/EcommerceSite/laravel-backend/vendor/symfony/console/Application.php(356): Symfony/Component/Console/Application->doRunCommand(Object(Illuminate/Database/Console/Migrations/MigrateCommand), Object(Symfony/Component/Console/Input/ArgvInput), Object(Symfony/Component/Console/Output/ConsoleOutput))
#32 C:/xampp/htdocs/EcommerceSite/laravel-backend/vendor/symfony/console/Application.php(195): Symfony/Component/Console/Application->doRun(Object(Symfony/Component/Console/Input/ArgvInput), Object(Symfony/Component/Console/Output/ConsoleOutput))
#33 C:/xampp/htdocs/EcommerceSite/laravel-backend/vendor/laravel/framework/src/Illuminate/Foundation/Console/Kernel.php(198): Symfony/Component/Console/Application->run(Object(Symfony/Component/Console/Input/ArgvInput), Object(Symfony/Component/Console/Output/ConsoleOutput))
#34 C:/xampp/htdocs/EcommerceSite/laravel-backend/vendor/laravel/framework/src/Illuminate/Foundation/Application.php(1235): Illuminate/Foundation/Console/Kernel->handle(Object(Symfony/Component/Console/Input/ArgvInput), Object(Symfony/Component/Console/Output/ConsoleOutput))
#35 C:/xampp/htdocs/EcommerceSite/laravel-backend/artisan(14): Illuminate/Foundation/Application->handleCommand(Object(Symfony/Component/Console/Input/ArgvInput))
#36 {main}
"} 
